// Jest Snapshot v1, https://goo.gl/fbAQLP

exports[`missions matches MissionsContainer component snapshot 1`] = `
<div
  className="container mt-5"
  id="missions-container"
>
  <table
    className="table table-bordered table-striped"
  >
    <thead>
      <tr>
        <th
          className="col-1"
        >
          mission
        </th>
        <th>
          Description
        </th>
        <th
          className="col-2"
        >
          Status
        </th>
        <th
          className="col-2"
        >
           
        </th>
      </tr>
    </thead>
    <tbody />
  </table>
</div>
`;
